// Jest Snapshot v1, https://goo.gl/fbAQLP

exports[`IdeaContainer matches the snapshot 1`] = `
ShallowWrapper {
  "length": 1,
  Symbol(enzyme.__root__): [Circular],
  Symbol(enzyme.__unrendered__): <IdeaContainer
    ideas={
      Array [
        Object {
          "body": "yall",
          "id": 3,
          "title": "hey",
        },
        Object {
          "body": "eagle",
          "id": 5,
          "title": "war",
        },
      ]
    }
    removeIdea={[MockFunction]}
  />,
  Symbol(enzyme.__renderer__): Object {
    "batchedUpdates": [Function],
    "getNode": [Function],
    "render": [Function],
    "simulateEvent": [Function],
    "unmount": [Function],
  },
  Symbol(enzyme.__node__): Object {
    "instance": null,
    "key": undefined,
    "nodeType": "host",
    "props": Object {
      "children": Array [
        <Card
          body="yall"
          id={3}
          removeIdea={[MockFunction]}
          title="hey"
        />,
        <Card
          body="eagle"
          id={5}
          removeIdea={[MockFunction]}
          title="war"
        />,
      ],
    },
    "ref": null,
    "rendered": Array [
      Object {
        "instance": null,
        "key": "3",
        "nodeType": "function",
        "props": Object {
          "body": "yall",
          "id": 3,
          "removeIdea": [MockFunction],
          "title": "hey",
        },
        "ref": null,
        "rendered": null,
        "type": [Function],
      },
      Object {
        "instance": null,
        "key": "5",
        "nodeType": "function",
        "props": Object {
          "body": "eagle",
          "id": 5,
          "removeIdea": [MockFunction],
          "title": "war",
        },
        "ref": null,
        "rendered": null,
        "type": [Function],
      },
    ],
    "type": "div",
  },
  Symbol(enzyme.__nodes__): Array [
    Object {
      "instance": null,
      "key": undefined,
      "nodeType": "host",
      "props": Object {
        "children": Array [
          <Card
            body="yall"
            id={3}
            removeIdea={[MockFunction]}
            title="hey"
          />,
          <Card
            body="eagle"
            id={5}
            removeIdea={[MockFunction]}
            title="war"
          />,
        ],
      },
      "ref": null,
      "rendered": Array [
        Object {
          "instance": null,
          "key": "3",
          "nodeType": "function",
          "props": Object {
            "body": "yall",
            "id": 3,
            "removeIdea": [MockFunction],
            "title": "hey",
          },
          "ref": null,
          "rendered": null,
          "type": [Function],
        },
        Object {
          "instance": null,
          "key": "5",
          "nodeType": "function",
          "props": Object {
            "body": "eagle",
            "id": 5,
            "removeIdea": [MockFunction],
            "title": "war",
          },
          "ref": null,
          "rendered": null,
          "type": [Function],
        },
      ],
      "type": "div",
    },
  ],
  Symbol(enzyme.__options__): Object {
    "adapter": ReactSixteenAdapter {
      "options": Object {
        "enableComponentDidUpdateOnSetState": true,
      },
    },
  },
}
`;
